ARM Linker, 5.03 [Build 24] [MDK-ARM Lite]

==============================================================================

Section Cross References

    system_lpc17xx.o(.text) refers to uldiv.o(.text) for __aeabi_uldivmod
    system_lpc17xx.o(.text) refers to system_lpc17xx.o(.data) for SystemCoreClock
    startup_lpc17xx.o(RESET) refers to initnoyau.o(STACK) for __initial_sp
    startup_lpc17xx.o(RESET) refers to startup_lpc17xx.o(.text) for Reset_Handler
    startup_lpc17xx.o(RESET) refers to initnoyau.o(.text) for SVC_Handler
    startup_lpc17xx.o(.text) refers to system_lpc17xx.o(.text) for SystemInit
    startup_lpc17xx.o(.text) refers to entry.o(.ARM.Collect$$$$00000000) for __main
    affichage.o(.text) refers to lpc17xx_uart.o(.text) for UART_SendByte
    affichage.o(.text) refers to serial_uart0_polling.o(.text) for initUART0Polling
    lpc17xx_clkpwr.o(.text) refers to system_lpc17xx.o(.data) for SystemCoreClock
    lpc17xx_uart.o(.text) refers to lpc17xx_clkpwr.o(.text) for CLKPWR_GetPCLK
    lpc17xx_uart.o(.text) refers to uldiv.o(.text) for __aeabi_uldivmod
    serial_uart0_polling.o(.text) refers to lpc17xx_pinsel.o(.text) for PINSEL_ConfigPin
    serial_uart0_polling.o(.text) refers to lpc17xx_uart.o(.text) for UART_ConfigStructInit
    noyau.o(.text) refers to affichage.o(.text) for affiche
    noyau.o(.text) refers to allocateur.o(.text) for demoRestitution
    noyau.o(.text) refers to initnoyau.o(.text) for appelSvcInitNoyau
    initnoyau.o(.text) refers to noyau.o(.text) for initNoyau
    allocateur.o(.text) refers to allocateur.o(.data) for etatCalcul
    etape1-2.o(.text) refers to affichage.o(.text) for affiche
    libgestionprocessuser.o(.text) refers to affichage.o(.text) for affiche
    entry.o(.ARM.Collect$$$$00000000) refers (Special) to entry10a.o(.ARM.Collect$$$$0000000D) for __rt_final_cpp
    entry.o(.ARM.Collect$$$$00000000) refers (Special) to entry11a.o(.ARM.Collect$$$$0000000F) for __rt_final_exit
    entry.o(.ARM.Collect$$$$00000000) refers (Special) to entry7b.o(.ARM.Collect$$$$00000008) for _main_clock
    entry.o(.ARM.Collect$$$$00000000) refers (Special) to entry8b.o(.ARM.Collect$$$$0000000A) for _main_cpp_init
    entry.o(.ARM.Collect$$$$00000000) refers (Special) to entry9a.o(.ARM.Collect$$$$0000000B) for _main_init
    entry.o(.ARM.Collect$$$$00000000) refers (Special) to entry5.o(.ARM.Collect$$$$00000004) for _main_scatterload
    entry.o(.ARM.Collect$$$$00000000) refers (Special) to entry2.o(.ARM.Collect$$$$00000001) for _main_stk
    uldiv.o(.text) refers to llushr.o(.text) for __aeabi_llsr
    uldiv.o(.text) refers to llshl.o(.text) for __aeabi_llsl
    entry2.o(.ARM.Collect$$$$00000001) refers to entry2.o(.ARM.Collect$$$$00002712) for __lit__00000000
    entry2.o(.ARM.Collect$$$$00002712) refers to initnoyau.o(STACK) for __initial_sp
    entry2.o(__vectab_stack_and_reset_area) refers to initnoyau.o(STACK) for __initial_sp
    entry2.o(__vectab_stack_and_reset_area) refers to entry.o(.ARM.Collect$$$$00000000) for __main
    entry5.o(.ARM.Collect$$$$00000004) refers to init.o(.text) for __scatterload
    entry9a.o(.ARM.Collect$$$$0000000B) refers to noyau.o(.text) for main
    entry9b.o(.ARM.Collect$$$$0000000C) refers to noyau.o(.text) for main
    init.o(.text) refers to entry5.o(.ARM.Collect$$$$00000004) for __main_after_scatterload


==============================================================================

Removing Unused input sections from the image.

    Removing system_lpc17xx.o(.emb_text), (8 bytes).
    Removing startup_lpc17xx.o(STACK), (0 bytes).
    Removing startup_lpc17xx.o(HEAP), (0 bytes).
    Removing affichage.o(.emb_text), (8 bytes).
    Removing lpc17xx_clkpwr.o(.emb_text), (8 bytes).
    Removing lpc17xx_pinsel.o(.emb_text), (8 bytes).
    Removing lpc17xx_uart.o(.emb_text), (8 bytes).
    Removing serial_uart0_polling.o(.emb_text), (8 bytes).
    Removing noyau.o(.emb_text), (8 bytes).
    Removing initnoyau.o(.data), (0 bytes).
    Removing etape1-2.o(.text), (76 bytes).
    Removing libgestionprocessuser.o(.text), (56 bytes).

12 unused section(s) (total 188 bytes) removed from the image.

==============================================================================

Image Symbol Table

    Local Symbols

    Symbol Name                              Value     Ov Type        Size  Object(Section)

    RESET                                    0x00000000   Section      204  startup_lpc17xx.o(RESET)
    ../clib/../cmprslib/zerorunl.c           0x00000000   Number         0  __dczerorl.o ABSOLUTE
    ../clib/microlib/division.c              0x00000000   Number         0  uldiv.o ABSOLUTE
    ../clib/microlib/init/entry.s            0x00000000   Number         0  entry7a.o ABSOLUTE
    ../clib/microlib/init/entry.s            0x00000000   Number         0  entry7b.o ABSOLUTE
    ../clib/microlib/init/entry.s            0x00000000   Number         0  entry8a.o ABSOLUTE
    ../clib/microlib/init/entry.s            0x00000000   Number         0  entry11b.o ABSOLUTE
    ../clib/microlib/init/entry.s            0x00000000   Number         0  entry11a.o ABSOLUTE
    ../clib/microlib/init/entry.s            0x00000000   Number         0  entry10b.o ABSOLUTE
    ../clib/microlib/init/entry.s            0x00000000   Number         0  entry9a.o ABSOLUTE
    ../clib/microlib/init/entry.s            0x00000000   Number         0  entry10a.o ABSOLUTE
    ../clib/microlib/init/entry.s            0x00000000   Number         0  entry8b.o ABSOLUTE
    ../clib/microlib/init/entry.s            0x00000000   Number         0  entry9b.o ABSOLUTE
    ../clib/microlib/init/entry.s            0x00000000   Number         0  entry5.o ABSOLUTE
    ../clib/microlib/init/entry.s            0x00000000   Number         0  entry2.o ABSOLUTE
    ../clib/microlib/init/entry.s            0x00000000   Number         0  entry.o ABSOLUTE
    ../clib/microlib/longlong.c              0x00000000   Number         0  llushr.o ABSOLUTE
    ../clib/microlib/longlong.c              0x00000000   Number         0  llshl.o ABSOLUTE
    dc.s                                     0x00000000   Number         0  dc.o ABSOLUTE
    handlers.s                               0x00000000   Number         0  handlers.o ABSOLUTE
    init.s                                   0x00000000   Number         0  init.o ABSOLUTE
    src\\lib\\affichage\\affichage.c         0x00000000   Number         0  affichage.o ABSOLUTE
    src\\lib\\affichage\\lpc17xx_clkpwr.c    0x00000000   Number         0  lpc17xx_clkpwr.o ABSOLUTE
    src\\lib\\affichage\\lpc17xx_pinsel.c    0x00000000   Number         0  lpc17xx_pinsel.o ABSOLUTE
    src\\lib\\affichage\\lpc17xx_uart.c      0x00000000   Number         0  lpc17xx_uart.o ABSOLUTE
    src\\lib\\affichage\\serial_uart0_polling.c 0x00000000   Number         0  serial_uart0_polling.o ABSOLUTE
    src\\noyau.c                             0x00000000   Number         0  noyau.o ABSOLUTE
    src\\startup\\system_LPC17xx.c           0x00000000   Number         0  system_lpc17xx.o ABSOLUTE
    src\allocateur.s                         0x00000000   Number         0  allocateur.o ABSOLUTE
    src\etape1-2.c                           0x00000000   Number         0  etape1-2.o ABSOLUTE
    src\initNoyau.s                          0x00000000   Number         0  initnoyau.o ABSOLUTE
    src\libGestionProcessUser.c              0x00000000   Number         0  libgestionprocessuser.o ABSOLUTE
    src\lib\affichage\affichage.c            0x00000000   Number         0  affichage.o ABSOLUTE
    src\lib\affichage\lpc17xx_clkpwr.c       0x00000000   Number         0  lpc17xx_clkpwr.o ABSOLUTE
    src\lib\affichage\lpc17xx_pinsel.c       0x00000000   Number         0  lpc17xx_pinsel.o ABSOLUTE
    src\lib\affichage\lpc17xx_uart.c         0x00000000   Number         0  lpc17xx_uart.o ABSOLUTE
    src\lib\affichage\serial_uart0_polling.c 0x00000000   Number         0  serial_uart0_polling.o ABSOLUTE
    src\lib\cmsis\core_cm3.c                 0x00000000   Number         0  core_cm3.o ABSOLUTE
    src\noyau.c                              0x00000000   Number         0  noyau.o ABSOLUTE
    src\startup\startup_LPC17xx.s            0x00000000   Number         0  startup_lpc17xx.o ABSOLUTE
    src\startup\system_LPC17xx.c             0x00000000   Number         0  system_lpc17xx.o ABSOLUTE
    .ARM.Collect$$$$00000000                 0x000000cc   Section        0  entry.o(.ARM.Collect$$$$00000000)
    .ARM.Collect$$$$00000001                 0x000000cc   Section        4  entry2.o(.ARM.Collect$$$$00000001)
    .ARM.Collect$$$$00000004                 0x000000d0   Section        4  entry5.o(.ARM.Collect$$$$00000004)
    .ARM.Collect$$$$00000008                 0x000000d4   Section        0  entry7b.o(.ARM.Collect$$$$00000008)
    .ARM.Collect$$$$0000000A                 0x000000d4   Section        0  entry8b.o(.ARM.Collect$$$$0000000A)
    .ARM.Collect$$$$0000000B                 0x000000d4   Section        8  entry9a.o(.ARM.Collect$$$$0000000B)
    .ARM.Collect$$$$0000000D                 0x000000dc   Section        0  entry10a.o(.ARM.Collect$$$$0000000D)
    .ARM.Collect$$$$0000000F                 0x000000dc   Section        0  entry11a.o(.ARM.Collect$$$$0000000F)
    .ARM.Collect$$$$00002712                 0x000000dc   Section        4  entry2.o(.ARM.Collect$$$$00002712)
    __lit__00000000                          0x000000dc   Data           4  entry2.o(.ARM.Collect$$$$00002712)
    .text                                    0x000000e0   Section       36  startup_lpc17xx.o(.text)
    .text                                    0x00000104   Section        0  affichage.o(.text)
    putchar                                  0x00000105   Thumb Code    26  affichage.o(.text)
    sortieChiffre                            0x0000015b   Thumb Code    16  affichage.o(.text)
    affichNumNonSigne                        0x0000016b   Thumb Code    50  affichage.o(.text)
    .text                                    0x00000208   Section        0  serial_uart0_polling.o(.text)
    .text                                    0x00000268   Section        0  noyau.o(.text)
    messageDemarrageNoyau                    0x00000269   Thumb Code    22  noyau.o(.text)
    .text                                    0x000002f0   Section        8  initnoyau.o(.text)
    i.__scatterload_null                     0x000002f8   Section        2  handlers.o(i.__scatterload_null)
    .ARM.__at_0x02FC                         0x000002fc   Section        4  startup_lpc17xx.o(.ARM.__at_0x02FC)
    .text                                    0x00000300   Section        0  system_lpc17xx.o(.text)
    .text                                    0x00000618   Section        0  lpc17xx_clkpwr.o(.text)
    .text                                    0x00000768   Section        0  lpc17xx_pinsel.o(.text)
    set_PinFunc                              0x00000769   Thumb Code    60  lpc17xx_pinsel.o(.text)
    set_ResistorMode                         0x000007a5   Thumb Code    62  lpc17xx_pinsel.o(.text)
    set_OpenDrainMode                        0x000007e3   Thumb Code    44  lpc17xx_pinsel.o(.text)
    .text                                    0x00000868   Section        0  lpc17xx_uart.o(.text)
    uart_set_divisors                        0x00000869   Thumb Code   464  lpc17xx_uart.o(.text)
    .text                                    0x000010f8   Section       96  allocateur.o(.text)
    .text                                    0x00001158   Section        0  uldiv.o(.text)
    .text                                    0x000011ba   Section        0  llshl.o(.text)
    .text                                    0x000011d8   Section        0  llushr.o(.text)
    .text                                    0x000011f8   Section       36  init.o(.text)
    .text                                    0x0000121c   Section        0  __dczerorl.o(.text)
    i.__scatterload_copy                     0x00001256   Section       14  handlers.o(i.__scatterload_copy)
    i.__scatterload_zeroinit                 0x00001264   Section       14  handlers.o(i.__scatterload_zeroinit)
    .data                                    0x10000000   Section        4  system_lpc17xx.o(.data)
    .data                                    0x10000008   Section     1072  allocateur.o(.data)
    Pile_PSP                                 0x10000208   Data           0  allocateur.o(.data)
    Pile_MSP                                 0x10000408   Data           0  allocateur.o(.data)
    etatCalcul                               0x10000408   Data           4  allocateur.o(.data)
    STACK                                    0x10000438   Section      512  initnoyau.o(STACK)

    Global Symbols

    Symbol Name                              Value     Ov Type        Size  Object(Section)

    BuildAttributes$$THM_ISAv4$P$D$K$B$S$PE$A:L22UL41UL21$X:L11$S22US41US21$IEEE1$IW$USESV6$~STKCKD$USESV7$~SHL$OSPACE$EBA8$MICROLIB$REQ8$PRES8$EABIv2 0x00000000   Number         0  anon$$obj.o ABSOLUTE
    __ARM_use_no_argv                        0x00000000   Number         0  noyau.o ABSOLUTE
    __Vectors                                0x00000000   Data           4  startup_lpc17xx.o(RESET)
    __cpp_initialize__aeabi_                  - Undefined Weak Reference
    __cxa_finalize                            - Undefined Weak Reference
    _clock_init                               - Undefined Weak Reference
    _microlib_exit                            - Undefined Weak Reference
    __main                                   0x000000cd   Thumb Code     0  entry.o(.ARM.Collect$$$$00000000)
    _main_stk                                0x000000cd   Thumb Code     0  entry2.o(.ARM.Collect$$$$00000001)
    _main_scatterload                        0x000000d1   Thumb Code     0  entry5.o(.ARM.Collect$$$$00000004)
    __main_after_scatterload                 0x000000d5   Thumb Code     0  entry5.o(.ARM.Collect$$$$00000004)
    _main_clock                              0x000000d5   Thumb Code     0  entry7b.o(.ARM.Collect$$$$00000008)
    _main_cpp_init                           0x000000d5   Thumb Code     0  entry8b.o(.ARM.Collect$$$$0000000A)
    _main_init                               0x000000d5   Thumb Code     0  entry9a.o(.ARM.Collect$$$$0000000B)
    __rt_final_cpp                           0x000000dd   Thumb Code     0  entry10a.o(.ARM.Collect$$$$0000000D)
    __rt_final_exit                          0x000000dd   Thumb Code     0  entry11a.o(.ARM.Collect$$$$0000000F)
    Reset_Handler                            0x000000e1   Thumb Code     8  startup_lpc17xx.o(.text)
    NMI_Handler                              0x000000e9   Thumb Code     2  startup_lpc17xx.o(.text)
    HardFault_Handler                        0x000000eb   Thumb Code     2  startup_lpc17xx.o(.text)
    MemManage_Handler                        0x000000ed   Thumb Code     2  startup_lpc17xx.o(.text)
    BusFault_Handler                         0x000000ef   Thumb Code     2  startup_lpc17xx.o(.text)
    UsageFault_Handler                       0x000000f1   Thumb Code     2  startup_lpc17xx.o(.text)
    DebugMon_Handler                         0x000000f5   Thumb Code     2  startup_lpc17xx.o(.text)
    PendSV_Handler                           0x000000f7   Thumb Code     2  startup_lpc17xx.o(.text)
    SysTick_Handler                          0x000000f9   Thumb Code     2  startup_lpc17xx.o(.text)
    ADC_IRQHandler                           0x000000fb   Thumb Code     0  startup_lpc17xx.o(.text)
    BOD_IRQHandler                           0x000000fb   Thumb Code     0  startup_lpc17xx.o(.text)
    CANActivity_IRQHandler                   0x000000fb   Thumb Code     0  startup_lpc17xx.o(.text)
    CAN_IRQHandler                           0x000000fb   Thumb Code     0  startup_lpc17xx.o(.text)
    DMA_IRQHandler                           0x000000fb   Thumb Code     0  startup_lpc17xx.o(.text)
    EINT0_IRQHandler                         0x000000fb   Thumb Code     0  startup_lpc17xx.o(.text)
    EINT1_IRQHandler                         0x000000fb   Thumb Code     0  startup_lpc17xx.o(.text)
    EINT2_IRQHandler                         0x000000fb   Thumb Code     0  startup_lpc17xx.o(.text)
    EINT3_IRQHandler                         0x000000fb   Thumb Code     0  startup_lpc17xx.o(.text)
    ENET_IRQHandler                          0x000000fb   Thumb Code     0  startup_lpc17xx.o(.text)
    I2C0_IRQHandler                          0x000000fb   Thumb Code     0  startup_lpc17xx.o(.text)
    I2C1_IRQHandler                          0x000000fb   Thumb Code     0  startup_lpc17xx.o(.text)
    I2C2_IRQHandler                          0x000000fb   Thumb Code     0  startup_lpc17xx.o(.text)
    I2S_IRQHandler                           0x000000fb   Thumb Code     0  startup_lpc17xx.o(.text)
    MCPWM_IRQHandler                         0x000000fb   Thumb Code     0  startup_lpc17xx.o(.text)
    PLL0_IRQHandler                          0x000000fb   Thumb Code     0  startup_lpc17xx.o(.text)
    PLL1_IRQHandler                          0x000000fb   Thumb Code     0  startup_lpc17xx.o(.text)
    PWM1_IRQHandler                          0x000000fb   Thumb Code     0  startup_lpc17xx.o(.text)
    QEI_IRQHandler                           0x000000fb   Thumb Code     0  startup_lpc17xx.o(.text)
    RIT_IRQHandler                           0x000000fb   Thumb Code     0  startup_lpc17xx.o(.text)
    RTC_IRQHandler                           0x000000fb   Thumb Code     0  startup_lpc17xx.o(.text)
    SPI_IRQHandler                           0x000000fb   Thumb Code     0  startup_lpc17xx.o(.text)
    SSP0_IRQHandler                          0x000000fb   Thumb Code     0  startup_lpc17xx.o(.text)
    SSP1_IRQHandler                          0x000000fb   Thumb Code     0  startup_lpc17xx.o(.text)
    TIMER0_IRQHandler                        0x000000fb   Thumb Code     0  startup_lpc17xx.o(.text)
    TIMER1_IRQHandler                        0x000000fb   Thumb Code     0  startup_lpc17xx.o(.text)
    TIMER2_IRQHandler                        0x000000fb   Thumb Code     0  startup_lpc17xx.o(.text)
    TIMER3_IRQHandler                        0x000000fb   Thumb Code     0  startup_lpc17xx.o(.text)
    UART0_IRQHandler                         0x000000fb   Thumb Code     0  startup_lpc17xx.o(.text)
    UART1_IRQHandler                         0x000000fb   Thumb Code     0  startup_lpc17xx.o(.text)
    UART2_IRQHandler                         0x000000fb   Thumb Code     0  startup_lpc17xx.o(.text)
    UART3_IRQHandler                         0x000000fb   Thumb Code     0  startup_lpc17xx.o(.text)
    USBActivity_IRQHandler                   0x000000fb   Thumb Code     0  startup_lpc17xx.o(.text)
    USB_IRQHandler                           0x000000fb   Thumb Code     0  startup_lpc17xx.o(.text)
    WDT_IRQHandler                           0x000000fb   Thumb Code     0  startup_lpc17xx.o(.text)
    passeALaLigneSuivante                    0x0000011f   Thumb Code    16  affichage.o(.text)
    revientEnPremiereColonne                 0x0000012f   Thumb Code    10  affichage.o(.text)
    initialiseAffichage                      0x00000139   Thumb Code    12  affichage.o(.text)
    afficheChaine                            0x00000145   Thumb Code    22  affichage.o(.text)
    affiche                                  0x0000019d   Thumb Code    16  affichage.o(.text)
    afficheNombre                            0x000001ad   Thumb Code    40  affichage.o(.text)
    initUART0Polling                         0x00000209   Thumb Code    90  serial_uart0_polling.o(.text)
    initNoyau                                0x0000027f   Thumb Code    18  noyau.o(.text)
    main                                     0x00000291   Thumb Code     8  noyau.o(.text)
    appelSvcInitNoyau                        0x000002f1   Thumb Code     4  initnoyau.o(.text)
    SVC_Handler                              0x000002f5   Thumb Code     4  initnoyau.o(.text)
    __scatterload_null                       0x000002f9   Thumb Code     2  handlers.o(i.__scatterload_null)
    SystemCoreClockUpdate                    0x00000301   Thumb Code   424  system_lpc17xx.o(.text)
    SystemInit                               0x000004a9   Thumb Code   290  system_lpc17xx.o(.text)
    CLKPWR_SetPCLKDiv                        0x00000619   Thumb Code   106  lpc17xx_clkpwr.o(.text)
    CLKPWR_GetPCLKSEL                        0x00000683   Thumb Code    32  lpc17xx_clkpwr.o(.text)
    CLKPWR_GetPCLK                           0x000006a3   Thumb Code    58  lpc17xx_clkpwr.o(.text)
    CLKPWR_ConfigPPWR                        0x000006dd   Thumb Code    50  lpc17xx_clkpwr.o(.text)
    CLKPWR_Sleep                             0x0000070f   Thumb Code    10  lpc17xx_clkpwr.o(.text)
    CLKPWR_DeepSleep                         0x00000719   Thumb Code    16  lpc17xx_clkpwr.o(.text)
    CLKPWR_PowerDown                         0x00000729   Thumb Code    16  lpc17xx_clkpwr.o(.text)
    CLKPWR_DeepPowerDown                     0x00000739   Thumb Code    16  lpc17xx_clkpwr.o(.text)
    PINSEL_ConfigTraceFunc                   0x0000080f   Thumb Code    34  lpc17xx_pinsel.o(.text)
    PINSEL_SetI2C0Pins                       0x00000831   Thumb Code    16  lpc17xx_pinsel.o(.text)
    PINSEL_ConfigPin                         0x00000841   Thumb Code    36  lpc17xx_pinsel.o(.text)
    UART_Init                                0x00000a39   Thumb Code   358  lpc17xx_uart.o(.text)
    UART_TxCmd                               0x00000b9f   Thumb Code    68  lpc17xx_uart.o(.text)
    UART_DeInit                              0x00000be3   Thumb Code    74  lpc17xx_uart.o(.text)
    UART_ConfigStructInit                    0x00000c2d   Thumb Code    18  lpc17xx_uart.o(.text)
    UART_SendByte                            0x00000c3f   Thumb Code    14  lpc17xx_uart.o(.text)
    UART_ReceiveByte                         0x00000c4d   Thumb Code    32  lpc17xx_uart.o(.text)
    UART_Send                                0x00000c6d   Thumb Code   146  lpc17xx_uart.o(.text)
    UART_Receive                             0x00000cff   Thumb Code   112  lpc17xx_uart.o(.text)
    UART_ForceBreak                          0x00000d6f   Thumb Code    26  lpc17xx_uart.o(.text)
    UART_IntConfig                           0x00000d89   Thumb Code   114  lpc17xx_uart.o(.text)
    UART_GetLineStatus                       0x00000dfb   Thumb Code    16  lpc17xx_uart.o(.text)
    UART_GetIntId                            0x00000e0b   Thumb Code    12  lpc17xx_uart.o(.text)
    UART_CheckBusy                           0x00000e17   Thumb Code    18  lpc17xx_uart.o(.text)
    UART_FIFOConfig                          0x00000e29   Thumb Code   104  lpc17xx_uart.o(.text)
    UART_FIFOConfigStructInit                0x00000e91   Thumb Code    14  lpc17xx_uart.o(.text)
    UART_ABCmd                               0x00000e9f   Thumb Code   126  lpc17xx_uart.o(.text)
    UART_ABClearIntPending                   0x00000f1d   Thumb Code    22  lpc17xx_uart.o(.text)
    UART_IrDAInvtInputCmd                    0x00000f33   Thumb Code    34  lpc17xx_uart.o(.text)
    UART_IrDACmd                             0x00000f55   Thumb Code    32  lpc17xx_uart.o(.text)
    UART_IrDAPulseDivConfig                  0x00000f75   Thumb Code    30  lpc17xx_uart.o(.text)
    UART_FullModemForcePinState              0x00000f93   Thumb Code    48  lpc17xx_uart.o(.text)
    UART_FullModemConfigMode                 0x00000fc3   Thumb Code    56  lpc17xx_uart.o(.text)
    UART_FullModemGetStatus                  0x00000ffb   Thumb Code     6  lpc17xx_uart.o(.text)
    UART_RS485Config                         0x00001001   Thumb Code    88  lpc17xx_uart.o(.text)
    UART_RS485ReceiverCmd                    0x00001059   Thumb Code    32  lpc17xx_uart.o(.text)
    UART_RS485Send                           0x00001079   Thumb Code    84  lpc17xx_uart.o(.text)
    UART_RS485SendSlvAddr                    0x000010cd   Thumb Code    18  lpc17xx_uart.o(.text)
    UART_RS485SendData                       0x000010df   Thumb Code    22  lpc17xx_uart.o(.text)
    demoRestitution                          0x000010f9   Thumb Code    92  allocateur.o(.text)
    __aeabi_uldivmod                         0x00001159   Thumb Code    98  uldiv.o(.text)
    __aeabi_llsl                             0x000011bb   Thumb Code    30  llshl.o(.text)
    _ll_shift_l                              0x000011bb   Thumb Code     0  llshl.o(.text)
    __aeabi_llsr                             0x000011d9   Thumb Code    32  llushr.o(.text)
    _ll_ushift_r                             0x000011d9   Thumb Code     0  llushr.o(.text)
    __scatterload                            0x000011f9   Thumb Code    28  init.o(.text)
    __scatterload_rt2                        0x000011f9   Thumb Code     0  init.o(.text)
    __decompress                             0x0000121d   Thumb Code     0  __dczerorl.o(.text)
    __decompress0                            0x0000121d   Thumb Code    58  __dczerorl.o(.text)
    __scatterload_copy                       0x00001257   Thumb Code    14  handlers.o(i.__scatterload_copy)
    __scatterload_zeroinit                   0x00001265   Thumb Code    14  handlers.o(i.__scatterload_zeroinit)
    Region$$Table$$Base                      0x00001274   Number         0  anon$$obj.o(Region$$Table)
    Region$$Table$$Limit                     0x00001294   Number         0  anon$$obj.o(Region$$Table)
    SystemCoreClock                          0x10000000   Data           4  system_lpc17xx.o(.data)
    __initial_sp                             0x10000638   Data           0  initnoyau.o(STACK)



==============================================================================

Memory Map of the image

  Image Entry point : 0x000000cd

  Load Region LR_IROM1 (Base: 0x00000000, Size: 0x000016cc, Max: 0x00080000, ABSOLUTE, COMPRESSED[0x000012c0])

    Execution Region ER_IROM1 (Base: 0x00000000, Size: 0x00001294, Max: 0x00080000, ABSOLUTE)

    Base Addr    Size         Type   Attr      Idx    E Section Name        Object

    0x00000000   0x000000cc   Data   RO           44    RESET               startup_lpc17xx.o
    0x000000cc   0x00000000   Code   RO          222  * .ARM.Collect$$$$00000000  mc_w.l(entry.o)
    0x000000cc   0x00000004   Code   RO          227    .ARM.Collect$$$$00000001  mc_w.l(entry2.o)
    0x000000d0   0x00000004   Code   RO          230    .ARM.Collect$$$$00000004  mc_w.l(entry5.o)
    0x000000d4   0x00000000   Code   RO          232    .ARM.Collect$$$$00000008  mc_w.l(entry7b.o)
    0x000000d4   0x00000000   Code   RO          234    .ARM.Collect$$$$0000000A  mc_w.l(entry8b.o)
    0x000000d4   0x00000008   Code   RO          235    .ARM.Collect$$$$0000000B  mc_w.l(entry9a.o)
    0x000000dc   0x00000000   Code   RO          237    .ARM.Collect$$$$0000000D  mc_w.l(entry10a.o)
    0x000000dc   0x00000000   Code   RO          239    .ARM.Collect$$$$0000000F  mc_w.l(entry11a.o)
    0x000000dc   0x00000004   Code   RO          228    .ARM.Collect$$$$00002712  mc_w.l(entry2.o)
    0x000000e0   0x00000024   Code   RO           46    .text               startup_lpc17xx.o
    0x00000104   0x00000104   Code   RO           59    .text               affichage.o
    0x00000208   0x00000060   Code   RO          152    .text               serial_uart0_polling.o
    0x00000268   0x00000088   Code   RO          168    .text               noyau.o
    0x000002f0   0x00000008   Code   RO          192    .text               initnoyau.o
    0x000002f8   0x00000002   Code   RO          250    i.__scatterload_null  mc_w.l(handlers.o)
    0x000002fa   0x00000002   PAD
    0x000002fc   0x00000004   Code   RO           45    .ARM.__at_0x02FC    startup_lpc17xx.o
    0x00000300   0x00000318   Code   RO            2    .text               system_lpc17xx.o
    0x00000618   0x00000150   Code   RO           88    .text               lpc17xx_clkpwr.o
    0x00000768   0x00000100   Code   RO          114    .text               lpc17xx_pinsel.o
    0x00000868   0x00000890   Code   RO          133    .text               lpc17xx_uart.o
    0x000010f8   0x00000060   Code   RO          197    .text               allocateur.o
    0x00001158   0x00000062   Code   RO          225    .text               mc_w.l(uldiv.o)
    0x000011ba   0x0000001e   Code   RO          241    .text               mc_w.l(llshl.o)
    0x000011d8   0x00000020   Code   RO          243    .text               mc_w.l(llushr.o)
    0x000011f8   0x00000024   Code   RO          245    .text               mc_w.l(init.o)
    0x0000121c   0x0000003a   Code   RO          255    .text               mc_w.l(__dczerorl.o)
    0x00001256   0x0000000e   Code   RO          249    i.__scatterload_copy  mc_w.l(handlers.o)
    0x00001264   0x0000000e   Code   RO          251    i.__scatterload_zeroinit  mc_w.l(handlers.o)
    0x00001272   0x00000002   PAD
    0x00001274   0x00000020   Data   RO          247    Region$$Table       anon$$obj.o


    Execution Region RW_IRAM1 (Base: 0x10000000, Size: 0x00000638, Max: 0x00008000, ABSOLUTE, COMPRESSED[0x0000002c])

    Base Addr    Size         Type   Attr      Idx    E Section Name        Object

    0x10000000   0x00000004   Data   RW            3    .data               system_lpc17xx.o
    0x10000004   0x00000004   PAD
    0x10000008   0x00000430   Data   RW          196    .data               allocateur.o
    0x10000438   0x00000200   Zero   RW          190    STACK               initnoyau.o


==============================================================================

Image component sizes


      Code (inc. data)   RO Data    RW Data    ZI Data      Debug   Object Name

       260         52          0          0          0      11769   affichage.o
        96          4          0       1072          0        296   allocateur.o
         8          0          0          0        512        312   initnoyau.o
       336         32          0          0          0       1731   lpc17xx_clkpwr.o
       256          4          0          0          0       3757   lpc17xx_pinsel.o
      2192         28          0          0          0       9165   lpc17xx_uart.o
       136         88          0          0          0        577   noyau.o
        96          6          0          0          0        583   serial_uart0_polling.o
        40         12        204          0          0        872   startup_lpc17xx.o
       792         78          0          4          0      21821   system_lpc17xx.o

    ----------------------------------------------------------------------
      4212        304        236       1080        512      50883   Object Totals
         0          0         32          0          0          0   (incl. Generated)
         0          0          0          4          0          0   (incl. Padding)

    ----------------------------------------------------------------------

      Code (inc. data)   RO Data    RW Data    ZI Data      Debug   Library Member Name

        58          0          0          0          0          0   __dczerorl.o
         0          0          0          0          0          0   entry.o
         0          0          0          0          0          0   entry10a.o
         0          0          0          0          0          0   entry11a.o
         8          4          0          0          0          0   entry2.o
         4          0          0          0          0          0   entry5.o
         0          0          0          0          0          0   entry7b.o
         0          0          0          0          0          0   entry8b.o
         8          4          0          0          0          0   entry9a.o
        30          0          0          0          0          0   handlers.o
        36          8          0          0          0         68   init.o
        30          0          0          0          0         68   llshl.o
        32          0          0          0          0         68   llushr.o
        98          0          0          0          0         92   uldiv.o

    ----------------------------------------------------------------------
       308         16          0          0          0        296   Library Totals
         4          0          0          0          0          0   (incl. Padding)

    ----------------------------------------------------------------------

      Code (inc. data)   RO Data    RW Data    ZI Data      Debug   Library Name

       304         16          0          0          0        296   mc_w.l

    ----------------------------------------------------------------------
       308         16          0          0          0        296   Library Totals

    ----------------------------------------------------------------------

==============================================================================


      Code (inc. data)   RO Data    RW Data    ZI Data      Debug   

      4520        320        236       1080        512      50451   Grand Totals
      4520        320        236         44        512      50451   ELF Image Totals (compressed)
      4520        320        236         44          0          0   ROM Totals

==============================================================================

    Total RO  Size (Code + RO Data)                 4756 (   4.64kB)
    Total RW  Size (RW Data + ZI Data)              1592 (   1.55kB)
    Total ROM Size (Code + RO Data + RW Data)       4800 (   4.69kB)

==============================================================================

